Archive member included because of file (symbol)

/opt/gcc-linaro-arm-linux-gnueabihf-4.7-2013.03-20130313_linux/bin/../lib/gcc/arm-linux-gnueabihf/4.7.3/libgcc.a(_udivsi3.o)
                              arch/arm/cpu/armv7/omap-common/libomap-common.o (__aeabi_uidiv)
/opt/gcc-linaro-arm-linux-gnueabihf-4.7-2013.03-20130313_linux/bin/../lib/gcc/arm-linux-gnueabihf/4.7.3/libgcc.a(_divsi3.o)
                              drivers/i2c/libi2c.o (__aeabi_idiv)
/opt/gcc-linaro-arm-linux-gnueabihf-4.7-2013.03-20130313_linux/bin/../lib/gcc/arm-linux-gnueabihf/4.7.3/libgcc.a(_lshrdi3.o)
                              drivers/mtd/nand/libnand.o (__aeabi_llsr)
/opt/gcc-linaro-arm-linux-gnueabihf-4.7-2013.03-20130313_linux/bin/../lib/gcc/arm-linux-gnueabihf/4.7.3/libgcc.a(_ashrdi3.o)
                              drivers/mtd/nand/libnand.o (__aeabi_lasr)
/opt/gcc-linaro-arm-linux-gnueabihf-4.7-2013.03-20130313_linux/bin/../lib/gcc/arm-linux-gnueabihf/4.7.3/libgcc.a(_ashldi3.o)
                              drivers/mmc/libmmc.o (__aeabi_llsl)
/opt/gcc-linaro-arm-linux-gnueabihf-4.7-2013.03-20130313_linux/bin/../lib/gcc/arm-linux-gnueabihf/4.7.3/libgcc.a(_dvmd_lnx.o)
                              /opt/gcc-linaro-arm-linux-gnueabihf-4.7-2013.03-20130313_linux/bin/../lib/gcc/arm-linux-gnueabihf/4.7.3/libgcc.a(_udivsi3.o) (__aeabi_idiv0)

Discarded input sections

 .data          0x00000000        0x0 arch/arm/cpu/armv7/start.o
 .bss           0x00000000        0x0 arch/arm/cpu/armv7/start.o
 .text          0x00000000        0x0 arch/arm/cpu/armv7/am33xx/libam33xx.o
 .text.get_cpu_rev
                0x00000000       0x14 arch/arm/cpu/armv7/am33xx/libam33xx.o
 .text.get_cpu_type
                0x00000000       0x14 arch/arm/cpu/armv7/am33xx/libam33xx.o
 .text.get_board_rev
                0x00000000        0x8 arch/arm/cpu/armv7/am33xx/libam33xx.o
 .text.get_device_type
                0x00000000       0x18 arch/arm/cpu/armv7/am33xx/libam33xx.o
 .text.get_sysboot_value
                0x00000000       0x18 arch/arm/cpu/armv7/am33xx/libam33xx.o
 .text.dram_init
                0x00000000       0x20 arch/arm/cpu/armv7/am33xx/libam33xx.o
 .text.dram_init_banksize
                0x00000000       0x1c arch/arm/cpu/armv7/am33xx/libam33xx.o
 .text.am33xx_otg1_set_phy_power
                0x00000000       0x28 arch/arm/cpu/armv7/am33xx/libam33xx.o
 .text.am33xx_otg0_set_phy_power
                0x00000000       0x28 arch/arm/cpu/armv7/am33xx/libam33xx.o
 .text.setup_clocks_for_console
                0x00000000        0x4 arch/arm/cpu/armv7/am33xx/libam33xx.o
 .data          0x00000000        0x0 arch/arm/cpu/armv7/am33xx/libam33xx.o
 .data.otg1_board_data
                0x00000000       0x10 arch/arm/cpu/armv7/am33xx/libam33xx.o
 .data.otg0_board_data
                0x00000000       0x10 arch/arm/cpu/armv7/am33xx/libam33xx.o
 .bss           0x00000000        0x0 arch/arm/cpu/armv7/am33xx/libam33xx.o
 .text.v7_maint_dcache_all
                0x00000000       0xd0 arch/arm/cpu/armv7/libarmv7.o
 .text.invalidate_icache_all
                0x00000000       0x18 arch/arm/cpu/armv7/libarmv7.o
 .text.__v7_outer_cache_enable
                0x00000000        0x4 arch/arm/cpu/armv7/libarmv7.o
 .text.__v7_outer_cache_disable
                0x00000000        0x4 arch/arm/cpu/armv7/libarmv7.o
 .text.__v7_outer_cache_flush_all
                0x00000000        0x4 arch/arm/cpu/armv7/libarmv7.o
 .text.flush_dcache_all
                0x00000000       0x14 arch/arm/cpu/armv7/libarmv7.o
 .text.__v7_outer_cache_inval_all
                0x00000000        0x4 arch/arm/cpu/armv7/libarmv7.o
 .text.invalidate_dcache_all
                0x00000000       0x14 arch/arm/cpu/armv7/libarmv7.o
 .text.arm_init_before_mmu
                0x00000000       0x28 arch/arm/cpu/armv7/libarmv7.o
 .text.flush_cache
                0x00000000        0x8 arch/arm/cpu/armv7/libarmv7.o
 .text.mmu_page_table_flush
                0x00000000       0x24 arch/arm/cpu/armv7/libarmv7.o
 .text.cpu_cache_initialization
                0x00000000        0x4 arch/arm/cpu/armv7/libarmv7.o
 .text.cleanup_before_linux
                0x00000000       0x24 arch/arm/cpu/armv7/libarmv7.o
 .text.sr32     0x00000000       0x24 arch/arm/cpu/armv7/libarmv7.o
 .text.wait_on_value
                0x00000000       0x34 arch/arm/cpu/armv7/libarmv7.o
 .data          0x00000000        0x0 arch/arm/cpu/armv7/libarmv7.o
 .bss           0x00000000        0x0 arch/arm/cpu/armv7/libarmv7.o
 .text.reset_cpu
                0x00000000       0x14 arch/arm/cpu/armv7/omap-common/libomap-common.o
 .text.warm_reset
                0x00000000       0x18 arch/arm/cpu/armv7/omap-common/libomap-common.o
 .text.get_ticks
                0x00000000       0x10 arch/arm/cpu/armv7/omap-common/libomap-common.o
 .text.get_tbclk
                0x00000000        0x8 arch/arm/cpu/armv7/omap-common/libomap-common.o
 .text.do_cancel_out
[...]
Memory Configuration

Name             Origin             Length             Attributes
.sram            0x402f0400         0x00019400
.sdram           0x80000000         0x00080000
*default*        0x00000000         0xffffffff

Linker script and memory map


.text           0x402f0400     0xfd74
                0x402f0400                __start = .
 arch/arm/cpu/armv7/start.o(.text)
 .text          0x402f0400       0xf0 arch/arm/cpu/armv7/start.o
                0x402f0400                _start
                0x402f0440                _end_vect
                0x402f0440                _TEXT_BASE
                0x402f0444                _bss_start_ofs
                0x402f0448                _image_copy_end_ofs
                0x402f044c                _bss_end_ofs
                0x402f0450                _end_ofs
                0x402f0454                IRQ_STACK_START_IN
                0x402f048c                c_runtime_cpu_setup
                0x402f04ac                cpu_init_cp15
                0x402f04e4                cpu_init_crit
 *(.text*)
 .text.mpu_pll_config
                0x402f04f0       0x8c arch/arm/cpu/armv7/am33xx/libam33xx.o
                0x402f04f0                mpu_pll_config
 .text.core_pll_config
                0x402f057c      0x128 arch/arm/cpu/armv7/am33xx/libam33xx.o
                0x402f057c                core_pll_config
 .text.ddr_pll_config
                0x402f06a4       0x90 arch/arm/cpu/armv7/am33xx/libam33xx.o
                0x402f06a4                ddr_pll_config
 .text.enable_emif_clocks
                0x402f0734       0x30 arch/arm/cpu/armv7/am33xx/libam33xx.o
                0x402f0734                enable_emif_clocks
 .text.pll_init
                0x402f0764      0x388 arch/arm/cpu/armv7/am33xx/libam33xx.o
                0x402f0764                pll_init
 .text.enable_gpmc_cs_config
                0x402f0aec       0x74 arch/arm/cpu/armv7/am33xx/libam33xx.o
                0x402f0aec                enable_gpmc_cs_config
 .text.gpmc_init
                0x402f0b60       0x78 arch/arm/cpu/armv7/am33xx/libam33xx.o
                0x402f0b60                gpmc_init
 .text.config_sdram
                0x402f0bd8       0x6c arch/arm/cpu/armv7/am33xx/libam33xx.o
                0x402f0bd8                config_sdram
 .text.set_sdram_timings
                0x402f0c44       0x38 arch/arm/cpu/armv7/am33xx/libam33xx.o
                0x402f0c44                set_sdram_timings
 .text.config_ddr_phy
                0x402f0c7c       0x18 arch/arm/cpu/armv7/am33xx/libam33xx.o
                0x402f0c7c                config_ddr_phy
 .text.config_cmd_ctrl
                0x402f0c94       0x54 arch/arm/cpu/armv7/am33xx/libam33xx.o
                0x402f0c94                config_cmd_ctrl
 .text.config_ddr_data
                0x402f0ce8       0x50 arch/arm/cpu/armv7/am33xx/libam33xx.o
                0x402f0ce8                config_ddr_data
 .text.config_io_ctrl
                0x402f0d38       0x20 arch/arm/cpu/armv7/am33xx/libam33xx.o
                0x402f0d38                config_io_ctrl
 .text.config_ddr
                0x402f0d58       0xb0 arch/arm/cpu/armv7/am33xx/libam33xx.o
                0x402f0d58                config_ddr
 .text.arch_misc_init
                0x402f0e08        0x8 arch/arm/cpu/armv7/am33xx/libam33xx.o
                0x402f0e08                arch_misc_init
 .text.configure_module_pin_mux
                0x402f0e10       0x2c arch/arm/cpu/armv7/am33xx/libam33xx.o
                0x402f0e10                configure_module_pin_mux
 .text.elm_check_error
                0x402f0e3c      0x1c8 arch/arm/cpu/armv7/am33xx/libam33xx.o
                0x402f0e3c                elm_check_error
 .text.elm_config
                0x402f1004       0x44 arch/arm/cpu/armv7/am33xx/libam33xx.o
                0x402f1004                elm_config
 .text.elm_reset
                0x402f1048       0x30 arch/arm/cpu/armv7/am33xx/libam33xx.o
                0x402f1048                elm_reset
 .text.elm_init
                0x402f1078       0x18 arch/arm/cpu/armv7/am33xx/libam33xx.o
                0x402f1078                elm_init
 .text          0x402f1090       0x18 arch/arm/cpu/armv7/libarmv7.o
                0x402f1090                lowlevel_init
 .text.v7_dcache_inval_range
                0x402f10a8       0x80 arch/arm/cpu/armv7/libarmv7.o
 .text.__v7_outer_cache_flush_range
                0x402f1128        0x4 arch/arm/cpu/armv7/libarmv7.o
                0x402f1128                v7_outer_cache_flush_range
                0x402f1128                __v7_outer_cache_flush_range
 .text.flush_dcache_range
                0x402f112c       0x3c arch/arm/cpu/armv7/libarmv7.o
                0x402f112c                flush_dcache_range
 .text.__v7_outer_cache_inval_range
                0x402f1168        0x4 arch/arm/cpu/armv7/libarmv7.o
                0x402f1168                __v7_outer_cache_inval_range
                0x402f1168                v7_outer_cache_inval_range
 .text.invalidate_dcache_range
                0x402f116c       0x3c arch/arm/cpu/armv7/libarmv7.o
                0x402f116c                invalidate_dcache_range
 .text.sdelay   0x402f11a8        0xc arch/arm/cpu/armv7/libarmv7.o
                0x402f11a8                sdelay
 .text          0x402f11b4       0x90 arch/arm/cpu/armv7/omap-common/libomap-common.o
                0x402f11b4                save_boot_params
                0x402f1220                set_pl310_ctrl_reg
 .text.timer_init
                0x402f1244       0x3c arch/arm/cpu/armv7/omap-common/libomap-common.o
                0x402f1244                timer_init
 .text.__udelay
                0x402f1280       0x54 arch/arm/cpu/armv7/omap-common/libomap-common.o
                0x402f1280                __udelay
 .text.get_timer_masked
                0x402f12d4       0x3c arch/arm/cpu/armv7/omap-common/libomap-common.o
                0x402f12d4                get_timer_masked
 .text.get_timer
                0x402f1310       0x14 arch/arm/cpu/armv7/omap-common/libomap-common.o
                0x402f1310                get_timer
 .text.spl_boot_device
                0x402f1324       0x10 arch/arm/cpu/armv7/omap-common/libomap-common.o
                0x402f1324                spl_boot_device
 .text.spl_boot_mode
                0x402f1334       0x10 arch/arm/cpu/armv7/omap-common/libomap-common.o
                0x402f1334                spl_boot_mode
 .text.spl_board_init
                0x402f1344       0x14 arch/arm/cpu/armv7/omap-common/libomap-common.o
                0x402f1344                spl_board_init
 .text.board_mmc_init
                0x402f1358       0x50 arch/arm/cpu/armv7/omap-common/libomap-common.o
                0x402f1358                board_mmc_init
 .text          0x402f13a8       0x20 arch/arm/lib/libarm.o
                0x402f13a8                _main
 .text.board_init_f
                0x402f13c8       0x40 arch/arm/lib/libarm.o
                0x402f13c8                board_init_f
 .text.enable_uart0_pin_mux
                0x402f1408        0xc board/ti/am335x/libam335x.o
                0x402f1408                enable_uart0_pin_mux
 .text.enable_i2c0_pin_mux
                0x402f1414        0xc board/ti/am335x/libam335x.o
                0x402f1414                enable_i2c0_pin_mux
 .text.enable_board_pin_mux
                0x402f1420       0x68 board/ti/am335x/libam335x.o
                0x402f1420                enable_board_pin_mux
 .text.cpsw_control
                0x402f1488        0x4 board/ti/am335x/libam335x.o
 .text.tps65217_reg_read
                0x402f148c       0x2c board/ti/am335x/libam335x.o
                0x402f148c                tps65217_reg_read
 .text.tps65217_reg_write
                0x402f14b8      0x10c board/ti/am335x/libam335x.o
                0x402f14b8                tps65217_reg_write
 .text.tps65217_voltage_update
                0x402f15c4       0x58 board/ti/am335x/libam335x.o
                0x402f15c4                tps65217_voltage_update
 .text.am33xx_spl_board_init
                0x402f161c      0x228 board/ti/am335x/libam335x.o
                0x402f161c                am33xx_spl_board_init
 .text.s_init   0x402f1844       0xec board/ti/am335x/libam335x.o
                0x402f1844                s_init
 .text.board_eth_init
                0x402f1930       0xf4 board/ti/am335x/libam335x.o
                0x402f1930                board_eth_init
 .text._do_env_set.isra.0
                0x402f1a24      0x1d8 common/libcommon.o
 .text.get_env_id
                0x402f1bfc       0x10 common/libcommon.o
                0x402f1bfc                get_env_id
 .text.setenv   0x402f1c0c       0x4c common/libcommon.o
                0x402f1c0c                setenv
 .text.envmatch
                0x402f1c58       0x6c common/libcommon.o
                0x402f1c58                envmatch
 .text.getenv_f
                0x402f1cc4       0xd0 common/libcommon.o
                0x402f1cc4                getenv_f
 .text.getenv   0x402f1d94       0x78 common/libcommon.o
                0x402f1d94                getenv
 .text.fgetc    0x402f1e0c       0x2c common/libcommon.o
                0x402f1e0c                fgetc
 .text.ftstc    0x402f1e38       0x2c common/libcommon.o
                0x402f1e38                ftstc
 .text.fputc    0x402f1e64       0x28 common/libcommon.o
                0x402f1e64                fputc
 .text.getc     0x402f1e8c       0x24 common/libcommon.o
                0x402f1e8c                getc
 .text.tstc     0x402f1eb0       0x24 common/libcommon.o
                0x402f1eb0                tstc
 .text.putc     0x402f1ed4       0x28 common/libcommon.o
                0x402f1ed4                putc
 .text.puts     0x402f1efc       0x3c common/libcommon.o
                0x402f1efc                puts
 .text.printf   0x402f1f38       0x4c common/libcommon.o
                0x402f1f38                printf
 .text.ctrlc    0x402f1f84       0x58 common/libcommon.o
                0x402f1f84                ctrlc
 .text.sbrk     0x402f1fdc       0x70 common/libcommon.o
                0x402f1fdc                sbrk
 .text.mem_malloc_init
                0x402f204c       0x34 common/libcommon.o
                0x402f204c                mem_malloc_init
 .text.malloc_trim
                0x402f2080       0xcc common/libcommon.o
                0x402f2080                malloc_trim
 .text.free     0x402f214c      0x238 common/libcommon.o
                0x402f214c                free
 .text.malloc   0x402f2384      0x604 common/libcommon.o
                0x402f2384                malloc
 .text.calloc   0x402f2988       0xd8 common/libcommon.o
                0x402f2988                calloc
 .text.memalign
                0x402f2a60      0x10c common/libcommon.o
                0x402f2a60                memalign
 .text.env_attr_lookup
                0x402f2b6c      0x190 common/libcommon.o
                0x402f2b6c                env_attr_lookup
 .text.__env_get_char_spec
                0x402f2cfc        0xc common/libcommon.o
                0x402f2cfc                env_get_char_spec
 .text.env_get_addr
                0x402f2d08       0x20 common/libcommon.o
                0x402f2d08                env_get_addr
 .text.env_get_char_memory
                0x402f2d28       0x10 common/libcommon.o
                0x402f2d28                env_get_char_memory
 .text.env_get_char
                0x402f2d38       0x30 common/libcommon.o
                0x402f2d38                env_get_char
 .text.getenv_yesno
                0x402f2d68       0x50 common/libcommon.o
                0x402f2d68                getenv_yesno
 .text.getenv_default
                0x402f2db8       0x30 common/libcommon.o
                0x402f2db8                getenv_default
 .text.set_default_env
                0x402f2de8       0xb8 common/libcommon.o
                0x402f2de8                set_default_env
 .text.env_relocate
                0x402f2ea0       0x14 common/libcommon.o
                0x402f2ea0                env_relocate
 .text.skip_num
                0x402f2eb4       0x80 common/libcommon.o
 .text.env_flags_parse_vartype
                0x402f2f34       0x50 common/libcommon.o
                0x402f2f34                env_flags_parse_vartype
 .text.env_flags_parse_varaccess
                0x402f2f84       0x58 common/libcommon.o
                0x402f2f84                env_flags_parse_varaccess
 .text.env_flags_init
                0x402f2fdc       0xac common/libcommon.o
                0x402f2fdc                env_flags_init
 .text.env_flags_validate
                0x402f3088      0x310 common/libcommon.o
                0x402f3088                env_flags_validate
 .text.env_relocate_spec
                0x402f3398        0x4 common/libcommon.o
                0x402f3398                env_relocate_spec
 .text.env_init
                0x402f339c       0x18 common/libcommon.o
                0x402f339c                env_init
 .text.miiphy_get_dev_by_name
                0x402f33b4       0x5c common/libcommon.o
                0x402f33b4                miiphy_get_dev_by_name
 .text.miiphy_init
                0x402f3410       0x24 common/libcommon.o
                0x402f3410                miiphy_init
 .text.mdio_alloc
                0x402f3434       0x30 common/libcommon.o
                0x402f3434                mdio_alloc
 .text.mdio_register
                0x402f3464       0x8c common/libcommon.o
                0x402f3464                mdio_register
 .text.CYGACC_COMM_IF_GETC_TIMEOUT.isra.1
                0x402f34f0       0x4c common/libcommon.o
 .text.xyzModem_flush
                0x402f353c       0x18 common/libcommon.o
 .text.xyzModem_get_hdr
                0x402f3554      0x250 common/libcommon.o
 .text.xyzModem_stream_open
                0x402f37a4      0x24c common/libcommon.o
                0x402f37a4                xyzModem_stream_open
 .text.xyzModem_stream_read
                0x402f39f0      0x254 common/libcommon.o
                0x402f39f0                xyzModem_stream_read
 .text.xyzModem_stream_close
                0x402f3c44       0x50 common/libcommon.o
                0x402f3c44                xyzModem_stream_close
 .text.xyzModem_stream_terminate
                0x402f3c94       0x94 common/libcommon.o
                0x402f3c94                xyzModem_stream_terminate
 .text.xyzModem_error
                0x402f3d28       0x20 common/libcommon.o
                0x402f3d28                xyzModem_error
 .text.hang     0x402f3d48       0x14 common/spl/libspl.o
                0x402f3d48                hang
 .text.spl_parse_image_header
                0x402f3d5c       0xb4 common/spl/libspl.o
                0x402f3d5c                spl_parse_image_header
 .text.jump_to_image_no_args
                0x402f3e10       0x14 common/spl/libspl.o
                0x402f3e10                jump_to_image_no_args
 .text.board_init_r
                0x402f3e24       0xac common/spl/libspl.o
                0x402f3e24                board_init_r
 .text.preloader_console_init
                0x402f3ed0       0x38 common/spl/libspl.o
                0x402f3ed0                preloader_console_init
 .text.env_callback_init
                0x402f3f08        0x4 common/spl/libspl.o
                0x402f3f08                env_callback_init
 .text.getcymodem
                0x402f3f0c       0x20 common/spl/libspl.o
 .text.spl_ymodem_load_image
                0x402f3f2c       0xd4 common/spl/libspl.o
                0x402f3f2c                spl_ymodem_load_image
 .text.spl_nand_load_image
                0x402f4000       0x48 common/spl/libspl.o
                0x402f4000                spl_nand_load_image
 .text.spl_net_load_image
                0x402f4048       0x98 common/spl/libspl.o
                0x402f4048                spl_net_load_image
 .text.init_part
                0x402f40e0       0x20 disk/libdisk.o
                0x402f40e0                init_part
 .text.get_partition_info
                0x402f4100       0x2c disk/libdisk.o
                0x402f4100                get_partition_info
 .text.test_block_type
                0x402f412c       0x6c disk/libdisk.o
 .text.get_partition_info_extended.constprop.2
                0x402f4198      0x2a8 disk/libdisk.o
 .text.test_part_dos
                0x402f4440       0x64 disk/libdisk.o
                0x402f4440                test_part_dos
 .text.get_partition_info_dos
                0x402f44a4       0x1c disk/libdisk.o
                0x402f44a4                get_partition_info_dos
 .text.check_gpio
                0x402f44c0       0x2c drivers/gpio/libgpio.o
 .text.gpio_direction_output
                0x402f44ec       0xa4 drivers/gpio/libgpio.o
                0x402f44ec                gpio_direction_output
 .text.gpio_request
                0x402f4590       0x18 drivers/gpio/libgpio.o
                0x402f4590                gpio_request
 .text.flush_fifo
                0x402f45a8       0x3c drivers/i2c/libi2c.o
 .text.wait_for_bb
                0x402f45e4       0x98 drivers/i2c/libi2c.o
 .text.wait_for_pin
                0x402f467c       0x78 drivers/i2c/libi2c.o
 .text.i2c_init
                0x402f46f4      0x1b0 drivers/i2c/libi2c.o
                0x402f46f4                i2c_init
 .text.i2c_probe
                0x402f48a4      0x118 drivers/i2c/libi2c.o
                0x402f48a4                i2c_probe
 .text.i2c_read
                0x402f49bc      0x1fc drivers/i2c/libi2c.o
                0x402f49bc                i2c_read
 .text.i2c_write
                0x402f4bb8      0x148 drivers/i2c/libi2c.o
                0x402f4bb8                i2c_write
 .text.spl_mmc_load_image
                0x402f4d00      0x158 drivers/mmc/libmmc.o
                0x402f4d00                spl_mmc_load_image
 .text.mmc_set_ios
                0x402f4e58      0x128 drivers/mmc/libmmc.o
 .text.mmc_send_cmd
                0x402f4f80      0x414 drivers/mmc/libmmc.o
 .text.mmc_go_idle
                0x402f5394       0x4c drivers/mmc/libmmc.o
 .text.mmc_send_ext_csd
                0x402f53e0       0x4c drivers/mmc/libmmc.o
 .text.mmc_send_status.constprop.5
                0x402f542c       0xcc drivers/mmc/libmmc.o
 .text.mmc_switch.isra.1
                0x402f54f8       0x50 drivers/mmc/libmmc.o
 .text.__board_mmc_getcd
                0x402f5548        0x8 drivers/mmc/libmmc.o
                0x402f5548                __board_mmc_getcd
                0x402f5548                board_mmc_getcd
 .text.find_mmc_device
                0x402f5550       0x44 drivers/mmc/libmmc.o
                0x402f5550                find_mmc_device
 .text.mmc_berase
                0x402f5594      0x194 drivers/mmc/libmmc.o
 .text.mmc_bwrite
                0x402f5728      0x18c drivers/mmc/libmmc.o
 .text.mmc_bread
                0x402f58b4      0x164 drivers/mmc/libmmc.o
 .text.mmc_getcd
                0x402f5a18       0x2c drivers/mmc/libmmc.o
                0x402f5a18                mmc_getcd
 .text.mmc_set_clock
                0x402f5a44       0x20 drivers/mmc/libmmc.o
                0x402f5a44                mmc_set_clock
 .text.mmc_startup
                0x402f5a64      0x954 drivers/mmc/libmmc.o
 .text.mmc_register
                0x402f63b8       0x84 drivers/mmc/libmmc.o
                0x402f63b8                mmc_register
 .text.mmc_init
                0x402f643c      0x340 drivers/mmc/libmmc.o
                0x402f643c                mmc_init
 .text.__def_mmc_init
                0x402f677c        0x8 drivers/mmc/libmmc.o
                0x402f677c                cpu_mmc_init
 .text.print_mmc_devices
                0x402f6784       0x64 drivers/mmc/libmmc.o
                0x402f6784                print_mmc_devices
 .text.mmc_initialize
                0x402f67e8       0x4c drivers/mmc/libmmc.o
                0x402f67e8                mmc_initialize
 .text.mmc_reset_controller_fsm
                0x402f6834       0x6c drivers/mmc/libmmc.o
 .text.mmc_init_stream
                0x402f68a0       0xac drivers/mmc/libmmc.o
                0x402f68a0                mmc_init_stream
 .text.mmc_init_setup
                0x402f694c      0x150 drivers/mmc/libmmc.o
 .text.omap_mmc_init
                0x402f6a9c      0x114 drivers/mmc/libmmc.o
                0x402f6a9c                omap_mmc_init
 .text.nand_command
                0x402f6bb0      0x330 drivers/mtd/nand/libnand.o
 .text.nand_spl_load_image
                0x402f6ee0      0x20c drivers/mtd/nand/libnand.o
                0x402f6ee0                nand_spl_load_image
 .text.nand_init
                0x402f70ec       0x5c drivers/mtd/nand/libnand.o
                0x402f70ec                nand_init
 .text.nand_deselect
                0x402f7148       0x2c drivers/mtd/nand/libnand.o
                0x402f7148                nand_deselect
 .text.nand_read_buf
                0x402f7174       0x2c drivers/mtd/nand/libnand.o
                0x402f7174                nand_read_buf
 .text.nand_read_buf16
                0x402f71a0       0x38 drivers/mtd/nand/libnand.o
                0x402f71a0                nand_read_buf16
 .text.nand_wait_ready
                0x402f71d8       0x4c drivers/mtd/nand/libnand.o
                0x402f71d8                nand_wait_ready
 .text.omap_nand_hwcontrol
                0x402f7224       0xa4 drivers/mtd/nand/libnand.o
 .text.omap_spl_dev_ready
                0x402f72c8       0x18 drivers/mtd/nand/libnand.o
                0x402f72c8                omap_spl_dev_ready
 .text.omap_hwecc_init_bch
                0x402f72e0       0x98 drivers/mtd/nand/libnand.o
 .text.omap_enable_ecc_bch
                0x402f7378       0x2c drivers/mtd/nand/libnand.o
 .text.omap_read_page_bch
                0x402f73a4      0x1bc drivers/mtd/nand/libnand.o
 .text.omap_correct_data_bch
                0x402f7560      0x158 drivers/mtd/nand/libnand.o
 .text.omap_calculate_ecc_bch
                0x402f76b8       0x98 drivers/mtd/nand/libnand.o
 .text.board_nand_init
                0x402f7750      0x198 drivers/mtd/nand/libnand.o
                0x402f7750                board_nand_init
 .text.spl_spi_load_image
                0x402f78e8       0x78 drivers/mtd/spi/libspi_flash.o
                0x402f78e8                spl_spi_load_image
 .text.spi_flash_read_write
                0x402f7960       0x74 drivers/mtd/spi/libspi_flash.o
 .text.spi_flash_cmd_read
                0x402f79d4       0x1c drivers/mtd/spi/libspi_flash.o
                0x402f79d4                spi_flash_cmd_read
 .text.spi_flash_cmd
                0x402f79f0       0x2c drivers/mtd/spi/libspi_flash.o
                0x402f79f0                spi_flash_cmd
 .text.spi_flash_cmd_write
                0x402f7a1c       0x1c drivers/mtd/spi/libspi_flash.o
                0x402f7a1c                spi_flash_cmd_write
 .text.spi_flash_read_common
                0x402f7a38       0x4c drivers/mtd/spi/libspi_flash.o
                0x402f7a38                spi_flash_read_common
 .text.spi_flash_cmd_read_fast
                0x402f7a84       0x40 drivers/mtd/spi/libspi_flash.o
                0x402f7a84                spi_flash_cmd_read_fast
 .text.spi_flash_cmd_poll_bit
                0x402f7ac4       0xc8 drivers/mtd/spi/libspi_flash.o
                0x402f7ac4                spi_flash_cmd_poll_bit
 .text.spi_flash_cmd_wait_ready
                0x402f7b8c        0xc drivers/mtd/spi/libspi_flash.o
                0x402f7b8c                spi_flash_cmd_wait_ready
 .text.spi_flash_cmd_write_multi
                0x402f7b98      0x108 drivers/mtd/spi/libspi_flash.o
                0x402f7b98                spi_flash_cmd_write_multi
 .text.spi_flash_cmd_erase
                0x402f7ca0       0xfc drivers/mtd/spi/libspi_flash.o
                0x402f7ca0                spi_flash_cmd_erase
 .text.spi_flash_probe
                0x402f7d9c       0xe8 drivers/mtd/spi/libspi_flash.o
                0x402f7d9c                spi_flash_probe
 .text.spi_flash_probe_winbond
                0x402f7e84       0xac drivers/mtd/spi/libspi_flash.o
                0x402f7e84                spi_flash_probe_winbond
 .text.cpsw_ale_read
                0x402f7f30       0x28 drivers/net/libnet.o
 .text.cpsw_ale_write
                0x402f7f58       0x2c drivers/net/libnet.o
 .text.cpsw_ale_match_free
                0x402f7f84       0x50 drivers/net/libnet.o
 .text.cpsw_ale_find_ageable
                0x402f7fd4       0x60 drivers/net/libnet.o
 .text.cpdma_submit
                0x402f8034       0x94 drivers/net/libnet.o
 .text.cpdma_process
                0x402f80c8       0x88 drivers/net/libnet.o
 .text.cpsw_halt
                0x402f8150       0x54 drivers/net/libnet.o
 .text.cpsw_mdio_read
                0x402f81a4       0xc4 drivers/net/libnet.o
 .text.cpsw_mdio_write
                0x402f8268       0xc0 drivers/net/libnet.o
 .text.cpsw_update_link
                0x402f8328       0xe0 drivers/net/libnet.o
 .text.cpsw_recv
                0x402f8408       0x64 drivers/net/libnet.o
 .text.cpsw_send
                0x402f846c       0x90 drivers/net/libnet.o
 .text.cpsw_ale_match_addr
                0x402f84fc       0xac drivers/net/libnet.o
 .text.cpsw_ale_add_mcast.constprop.1
                0x402f85a8      0x10c drivers/net/libnet.o
 .text.cpsw_init
                0x402f86b4      0x3fc drivers/net/libnet.o
 .text.cpsw_register
                0x402f8ab0      0x23c drivers/net/libnet.o
                0x402f8ab0                cpsw_register
 .text.genphy_shutdown
                0x402f8cec        0x8 drivers/net/phy/libphy.o
                0x402f8cec                genphy_shutdown
 .text.get_phy_id
                0x402f8cf4       0x70 drivers/net/phy/libphy.o
 .text.phy_device_create
                0x402f8d64       0xe4 drivers/net/phy/libphy.o
 .text.get_phy_device
                0x402f8e48       0xc8 drivers/net/phy/libphy.o
 .text.genphy_restart_aneg
                0x402f8f10       0x54 drivers/net/phy/libphy.o
                0x402f8f10                genphy_restart_aneg
 .text.genphy_config_aneg
                0x402f8f64      0x1d4 drivers/net/phy/libphy.o
                0x402f8f64                genphy_config_aneg
 .text.genphy_config
                0x402f9138       0xa4 drivers/net/phy/libphy.o
                0x402f9138                genphy_config
 .text.genphy_update_link
                0x402f91dc      0x13c drivers/net/phy/libphy.o
                0x402f91dc                genphy_update_link
 .text.genphy_startup
                0x402f9318      0x140 drivers/net/phy/libphy.o
                0x402f9318                genphy_startup
 .text.phy_init
                0x402f9458       0x10 drivers/net/phy/libphy.o
                0x402f9458                phy_init
 .text.phy_register
                0x402f9468       0x28 drivers/net/phy/libphy.o
                0x402f9468                phy_register
 .text.phy_reset
                0x402f9490       0xa8 drivers/net/phy/libphy.o
                0x402f9490                phy_reset
 .text.phy_connect
                0x402f9538       0x90 drivers/net/phy/libphy.o
                0x402f9538                phy_connect
 .text.phy_startup
                0x402f95c8       0x24 drivers/net/phy/libphy.o
                0x402f95c8                phy_startup
 .text.__board_phy_config
                0x402f95ec       0x24 drivers/net/phy/libphy.o
                0x402f95ec                board_phy_config
 .text.phy_config
                0x402f9610       0x10 drivers/net/phy/libphy.o
                0x402f9610                phy_config
 .text.ksz8081_config
                0x402f9620       0x58 drivers/net/phy/libphy.o
 .text.phy_micrel_init
                0x402f9678       0x30 drivers/net/phy/libphy.o
                0x402f9678                phy_micrel_init
 .text.NS16550_init
                0x402f96a8       0x64 drivers/serial/libserial.o
                0x402f96a8                NS16550_init
 .text.NS16550_reinit
                0x402f970c       0x4c drivers/serial/libserial.o
                0x402f970c                NS16550_reinit
 .text.NS16550_putc
                0x402f9758       0x18 drivers/serial/libserial.o
                0x402f9758                NS16550_putc
 .text.NS16550_getc
                0x402f9770       0x1c drivers/serial/libserial.o
                0x402f9770                NS16550_getc
 .text.NS16550_tstc
                0x402f978c       0x10 drivers/serial/libserial.o
                0x402f978c                NS16550_tstc
 .text.get_current
                0x402f979c       0x40 drivers/serial/libserial.o
 .text.serial_init
                0x402f97dc       0x14 drivers/serial/libserial.o
                0x402f97dc                serial_init
 .text.serial_getc
                0x402f97f0       0x14 drivers/serial/libserial.o
                0x402f97f0                serial_getc
 .text.serial_tstc
                0x402f9804       0x14 drivers/serial/libserial.o
                0x402f9804                serial_tstc
 .text.serial_putc
                0x402f9818       0x1c drivers/serial/libserial.o
                0x402f9818                serial_putc
 .text.serial_puts
                0x402f9834       0x1c drivers/serial/libserial.o
                0x402f9834                serial_puts
 .text.calc_divisor.isra.0
                0x402f9850       0x28 drivers/serial/libserial.o
 .text.eserial1_init
                0x402f9878       0x20 drivers/serial/libserial.o
 .text._serial_putc
                0x402f9898       0x38 drivers/serial/libserial.o
                0x402f9898                _serial_putc
 .text.eserial1_putc
                0x402f98d0        0x8 drivers/serial/libserial.o
 .text._serial_puts
                0x402f98d8       0x28 drivers/serial/libserial.o
                0x402f98d8                _serial_puts
 .text.eserial1_puts
                0x402f9900        0x8 drivers/serial/libserial.o
 .text._serial_getc
                0x402f9908       0x1c drivers/serial/libserial.o
                0x402f9908                _serial_getc
 .text.eserial1_getc
                0x402f9924        0x8 drivers/serial/libserial.o
 .text._serial_tstc
                0x402f992c       0x14 drivers/serial/libserial.o
                0x402f992c                _serial_tstc
 .text.eserial1_tstc
                0x402f9940        0x8 drivers/serial/libserial.o
 .text._serial_setbrg
                0x402f9948       0x28 drivers/serial/libserial.o
                0x402f9948                _serial_setbrg
 .text.eserial1_setbrg
                0x402f9970        0x8 drivers/serial/libserial.o
 .text.default_serial_console
                0x402f9978        0xc drivers/serial/libserial.o
                0x402f9978                default_serial_console
 .text.omap3_spi_write_chconf
                0x402f9984       0x28 drivers/spi/libspi.o
 .text.spi_setup_slave
                0x402f99ac      0x130 drivers/spi/libspi.o
                0x402f99ac                spi_setup_slave
 .text.spi_free_slave
                0x402f9adc        0x4 drivers/spi/libspi.o
                0x402f9adc                spi_free_slave
 .text.spi_claim_bus
                0x402f9ae0       0xe8 drivers/spi/libspi.o
                0x402f9ae0                spi_claim_bus
 .text.spi_release_bus
                0x402f9bc8       0x38 drivers/spi/libspi.o
                0x402f9bc8                spi_release_bus
 .text.omap3_spi_write
                0x402f9c00      0x134 drivers/spi/libspi.o
                0x402f9c00                omap3_spi_write
 .text.omap3_spi_read
                0x402f9d34      0x148 drivers/spi/libspi.o
                0x402f9d34                omap3_spi_read
 .text.omap3_spi_txrx
                0x402f9e7c      0x178 drivers/spi/libspi.o
                0x402f9e7c                omap3_spi_txrx
 .text.spi_xfer
                0x402f9ff4       0xfc drivers/spi/libspi.o
                0x402f9ff4                spi_xfer
 .text.downcase
                0x402fa0f0       0x24 fs/fat/libfat.o
 .text.disk_read
                0x402fa114       0x58 fs/fat/libfat.o
 .text.dirdelim
                0x402fa16c       0x34 fs/fat/libfat.o
 .text.get_fatent
                0x402fa1a0      0x158 fs/fat/libfat.o
 .text.mkcksum  0x402fa2f8       0x54 fs/fat/libfat.o
 .text.get_name
                0x402fa34c       0xac fs/fat/libfat.o
 .text.read_bootsectandvi
                0x402fa3f8      0x128 fs/fat/libfat.o
 .text.get_cluster
                0x402fa520      0x17c fs/fat/libfat.o
 .text.slot2str
                0x402fa69c       0xc8 fs/fat/libfat.o
 .text.get_vfatname
                0x402fa764      0x1bc fs/fat/libfat.o
 .text.fat_set_blk_dev
                0x402fa920       0xd4 fs/fat/libfat.o
                0x402fa920                fat_set_blk_dev
 .text.fat_register_device
                0x402fa9f4       0x88 fs/fat/libfat.o
                0x402fa9f4                fat_register_device
 .text.do_fat_read_at
                0x402faa7c      0xb0c fs/fat/libfat.o
                0x402faa7c                do_fat_read_at
 .text.file_fat_read_at
                0x402fb588       0x44 fs/fat/libfat.o
                0x402fb588                file_fat_read_at
 .text.file_fat_read
                0x402fb5cc       0x14 fs/fat/libfat.o
                0x402fb5cc                file_fat_read
 .text.cyg_crc16
                0x402fb5e0       0x44 lib/libgeneric.o
                0x402fb5e0                cyg_crc16
 .text.print_size
                0x402fb624      0x138 lib/libgeneric.o
                0x402fb624                print_size
 .text.__div64_32
                0x402fb75c       0xdc lib/libgeneric.o
                0x402fb75c                __div64_32
 .text._hdelete.isra.1
                0x402fb838       0x50 lib/libgeneric.o
 .text.drop_var_from_set.part.2
                0x402fb888       0x50 lib/libgeneric.o
 .text.hcreate_r
                0x402fb8d8       0xb4 lib/libgeneric.o
                0x402fb8d8                hcreate_r
 .text.hdestroy_r
                0x402fb98c       0x78 lib/libgeneric.o
                0x402fb98c                hdestroy_r
 .text.hsearch_r
                0x402fba04      0x49c lib/libgeneric.o
                0x402fba04                hsearch_r
 .text.hdelete_r
                0x402fbea0       0xd4 lib/libgeneric.o
                0x402fbea0                hdelete_r
 .text.himport_r
                0x402fbf74      0x334 lib/libgeneric.o
                0x402fbf74                himport_r
 .text.string_to_ip
                0x402fc2a8       0x60 lib/libgeneric.o
                0x402fc2a8                string_to_ip
 .text.strcpy   0x402fc308       0x1c lib/libgeneric.o
                0x402fc308                strcpy
 .text.strncpy  0x402fc324       0x24 lib/libgeneric.o
                0x402fc324                strncpy
 .text.strcmp   0x402fc348       0x2c lib/libgeneric.o
                0x402fc348                strcmp
 .text.strncmp  0x402fc374       0x40 lib/libgeneric.o
                0x402fc374                strncmp
 .text.strchr   0x402fc3b4       0x34 lib/libgeneric.o
                0x402fc3b4                strchr
 .text.strlen   0x402fc3e8       0x20 lib/libgeneric.o
                0x402fc3e8                strlen
 .text.strnlen  0x402fc408       0x30 lib/libgeneric.o
                0x402fc408                strnlen
 .text.strdup   0x402fc438       0x38 lib/libgeneric.o
                0x402fc438                strdup
 .text.strpbrk  0x402fc470       0x3c lib/libgeneric.o
                0x402fc470                strpbrk
 .text.memset   0x402fc4ac       0x6c lib/libgeneric.o
                0x402fc4ac                memset
 .text.memcpy   0x402fc518       0x68 lib/libgeneric.o
                0x402fc518                memcpy
 .text.memcmp   0x402fc580       0x34 lib/libgeneric.o
                0x402fc580                memcmp
 .text.strstr   0x402fc5b4       0x64 lib/libgeneric.o
                0x402fc5b4                strstr
 .text.udelay   0x402fc618       0x30 lib/libgeneric.o
                0x402fc618                udelay
 .text.put_dec_trunc
                0x402fc648       0xdc lib/libgeneric.o
 .text.put_dec  0x402fc724      0x130 lib/libgeneric.o
 .text.string.isra.0
                0x402fc854       0xa0 lib/libgeneric.o
 .text.number.isra.4
                0x402fc8f4      0x264 lib/libgeneric.o
 .text.vsnprintf_internal.isra.6
                0x402fcb58      0x610 lib/libgeneric.o
 .text.simple_strtoul
                0x402fd168       0xc0 lib/libgeneric.o
                0x402fd168                simple_strtoul
 .text.simple_strtol
                0x402fd228       0x28 lib/libgeneric.o
                0x402fd228                simple_strtol
 .text.vsprintf
                0x402fd250        0x4 lib/libgeneric.o
                0x402fd250                vsprintf
 .text.sprintf  0x402fd254       0x24 lib/libgeneric.o
                0x402fd254                sprintf
 .text.ArpInit  0x402fd278       0x50 net/libnet.o
                0x402fd278                ArpInit
 .text.arp_raw_request
                0x402fd2c8       0xc0 net/libnet.o
                0x402fd2c8                arp_raw_request
 .text.ArpRequest
                0x402fd388       0x80 net/libnet.o
                0x402fd388                ArpRequest
 .text.ArpTimeoutCheck
                0x402fd408       0x80 net/libnet.o
                0x402fd408                ArpTimeoutCheck
 .text.ArpReceive
                0x402fd488      0x214 net/libnet.o
                0x402fd488                ArpReceive
 .text.BootpHandler
                0x402fd69c      0x3b4 net/libnet.o
 .text.BootpRequest
                0x402fda50      0x25c net/libnet.o
                0x402fda50                BootpRequest
 .text.BootpTimeout
                0x402fdcac       0x44 net/libnet.o
 .text.__def_eth_init
                0x402fdcf0        0x8 net/libnet.o
                0x402fdcf0                cpu_eth_init
 .text.eth_current_changed
                0x402fdcf8       0x60 net/libnet.o
 .text.eth_parse_enetaddr
                0x402fdd58       0x54 net/libnet.o
                0x402fdd58                eth_parse_enetaddr
 .text.eth_getenv_enetaddr
                0x402fddac       0x5c net/libnet.o
                0x402fddac                eth_getenv_enetaddr
 .text.eth_setenv_enetaddr
                0x402fde08       0x34 net/libnet.o
                0x402fde08                eth_setenv_enetaddr
 .text.eth_getenv_enetaddr_by_index
                0x402fde3c       0x50 net/libnet.o
                0x402fde3c                eth_getenv_enetaddr_by_index
 .text.eth_get_dev_index
                0x402fde8c       0x1c net/libnet.o
                0x402fde8c                eth_get_dev_index
 .text.eth_write_hwaddr
                0x402fdea8      0x1d8 net/libnet.o
                0x402fdea8                eth_write_hwaddr
 .text.eth_register
                0x402fe080       0x7c net/libnet.o
                0x402fe080                eth_register
 .text.eth_initialize
                0x402fe0fc      0x1bc net/libnet.o
                0x402fe0fc                eth_initialize
 .text.eth_halt
                0x402fe2b8       0x30 net/libnet.o
                0x402fe2b8                eth_halt
 .text.eth_send
                0x402fe2e8       0x38 net/libnet.o
                0x402fe2e8                eth_send
 .text.eth_rx   0x402fe320       0x2c net/libnet.o
                0x402fe320                eth_rx
 .text.eth_try_another
                0x402fe34c       0x88 net/libnet.o
                0x402fe34c                eth_try_another
 .text.eth_init
                0x402fe3d4       0xcc net/libnet.o
                0x402fe3d4                eth_init
 .text.eth_set_current
                0x402fe4a0       0xac net/libnet.o
                0x402fe4a0                eth_set_current
 .text.eth_get_name
                0x402fe54c       0x20 net/libnet.o
                0x402fe54c                eth_get_name
 .text.startAgainTimeout
                0x402fe56c       0x14 net/libnet.o
 .text.dummy_handler
                0x402fe580        0x4 net/libnet.o
 .text.net_clear_handlers
                0x402fe584       0x34 net/libnet.o
 .text.net_auto_load
                0x402fe5b8       0x38 net/libnet.o
                0x402fe5b8                net_auto_load
 .text.NetStartAgain
                0x402fe5f0      0x15c net/libnet.o
                0x402fe5f0                NetStartAgain
 .text.net_set_udp_handler
                0x402fe74c       0x20 net/libnet.o
                0x402fe74c                net_set_udp_handler
 .text.net_get_arp_handler
                0x402fe76c       0x10 net/libnet.o
                0x402fe76c                net_get_arp_handler
 .text.NetSetTimeout
                0x402fe77c       0x4c net/libnet.o
                0x402fe77c                NetSetTimeout
 .text.NetCksum
                0x402fe7c8       0x38 net/libnet.o
                0x402fe7c8                NetCksum
 .text.NetCksumOk
                0x402fe800       0x20 net/libnet.o
                0x402fe800                NetCksumOk
 .text.NetReceive
                0x402fe820      0x260 net/libnet.o
                0x402fe820                NetReceive
 .text.NetEthHdrSize
                0x402fea80       0x38 net/libnet.o
                0x402fea80                NetEthHdrSize
 .text.NetSetEther
                0x402feab8       0x9c net/libnet.o
                0x402feab8                NetSetEther
 .text.net_update_ether
                0x402feb54       0x78 net/libnet.o
                0x402feb54                net_update_ether
 .text.net_set_ip_header
                0x402febcc       0x88 net/libnet.o
                0x402febcc                net_set_ip_header
 .text.net_set_udp_header
                0x402fec54       0x88 net/libnet.o
                0x402fec54                net_set_udp_header
 .text.NetSendUDPPacket
                0x402fecdc      0x110 net/libnet.o
                0x402fecdc                NetSendUDPPacket
 .text.copy_filename
                0x402fedec       0x4c net/libnet.o
                0x402fedec                copy_filename
 .text.string_to_VLAN
                0x402fee38       0x48 net/libnet.o
                0x402fee38                string_to_VLAN
 .text.getenv_VLAN
                0x402fee80       0x10 net/libnet.o
                0x402fee80                getenv_VLAN
 .text.NetInitLoop
                0x402fee90       0xe8 net/libnet.o
 .text.net_init
                0x402fef78       0x70 net/libnet.o
                0x402fef78                net_init
 .text.NetLoop  0x402fefe8      0x310 net/libnet.o
                0x402fefe8                NetLoop
 .text.TftpSend
                0x402ff2f8      0x1c0 net/libnet.o
 .text.TftpHandler
                0x402ff4b8      0x380 net/libnet.o
 .text.TftpTimeout
                0x402ff838       0x88 net/libnet.o
 .text.TftpStart
                0x402ff8c0      0x348 net/libnet.o
                0x402ff8c0                TftpStart
 .text.raise    0x402ffc08        0x8 /root/lxp/linkboxV6/u-boot-2013.01.01-psp06.00.00.00/am335/spl/arch/arm/lib/eabi_compat.o
                0x402ffc08                raise
 .text          0x402ffc10      0x278 /opt/gcc-linaro-arm-linux-gnueabihf-4.7-2013.03-20130313_linux/bin/../lib/gcc/arm-linux-gnueabihf/4.7.3/libgcc.a(_udivsi3.o)
                0x402ffc10                __udivsi3
                0x402ffc10                __aeabi_uidiv
                0x402ffe6c                __aeabi_uidivmod
 .text          0x402ffe88      0x2b0 /opt/gcc-linaro-arm-linux-gnueabihf-4.7-2013.03-20130313_linux/bin/../lib/gcc/arm-linux-gnueabihf/4.7.3/libgcc.a(_divsi3.o)
                0x402ffe88                __aeabi_idiv
                0x402ffe88                __divsi3
                0x4030011c                __aeabi_idivmod
 .text          0x40300138       0x18 /opt/gcc-linaro-arm-linux-gnueabihf-4.7-2013.03-20130313_linux/bin/../lib/gcc/arm-linux-gnueabihf/4.7.3/libgcc.a(_lshrdi3.o)
                0x40300138                __aeabi_llsr
                0x40300138                __lshrdi3
 .text          0x40300150       0x18 /opt/gcc-linaro-arm-linux-gnueabihf-4.7-2013.03-20130313_linux/bin/../lib/gcc/arm-linux-gnueabihf/4.7.3/libgcc.a(_ashldi3.o)
                0x40300150                __ashldi3
                0x40300150                __aeabi_llsl
 .text          0x40300168        0xc /opt/gcc-linaro-arm-linux-gnueabihf-4.7-2013.03-20130313_linux/bin/../lib/gcc/arm-linux-gnueabihf/4.7.3/libgcc.a(_dvmd_lnx.o)
                0x40300168                __aeabi_ldiv0
                0x40300168                __aeabi_idiv0

.glue_7         0x40300174        0x0
 .glue_7        0x00000000        0x0 linker stubs

.glue_7t        0x40300174        0x0
 .glue_7t       0x00000000        0x0 linker stubs

.vfp11_veneer   0x40300174        0x0
 .vfp11_veneer  0x00000000        0x0 linker stubs

.v4_bx          0x40300174        0x0
 .v4_bx         0x00000000        0x0 linker stubs

.iplt           0x40300174        0x0
 .iplt          0x00000000        0x0 arch/arm/cpu/armv7/start.o
                0x40300174                . = ALIGN (0x4)

.rodata         0x40300174     0x32d5
 *(SORT(.rodata*))
 .rodata.gpmc_m_nand
                0x40300174       0x1c arch/arm/cpu/armv7/am33xx/libam33xx.o
 .rodata.ddr_reg
                0x40300190        0x8 arch/arm/cpu/armv7/am33xx/libam33xx.o
 .rodata.gpio_bank_am33xx
                0x40300198       0x20 arch/arm/cpu/armv7/am33xx/libam33xx.o
 .rodata.omap_gpio_bank
                0x403001b8        0x4 arch/arm/cpu/armv7/am33xx/libam33xx.o
                0x403001b8                omap_gpio_bank
 .rodata.ddr3_data
                0x403001bc       0x20 board/ti/am335x/libam335x.o
 .rodata.ddr3_cmd_ctrl_data
                0x403001dc       0x3c board/ti/am335x/libam335x.o
 .rodata.env_flags_varaccess_mask
                0x40300218       0x10 common/libcommon.o
 .rodata.CSWTCH.26
                0x40300228       0x20 common/libcommon.o
 .rodata.ext_csd_bits.6550
                0x40300248        0xc drivers/mmc/libmmc.o
 .rodata.ext_to_hostcaps.6551
                0x40300254        0xc drivers/mmc/libmmc.o
 .rodata.multipliers
                0x40300260       0x40 drivers/mmc/libmmc.o
 .rodata.fbase  0x403002a0       0x10 drivers/mmc/libmmc.o
 .rodata.widths.6552
                0x403002b0        0xc drivers/mmc/libmmc.o
 .rodata.nand_ecc_pos
                0x403002bc       0xe0 drivers/mtd/nand/libnand.o
 .rodata.winbond_spi_flash_table
                0x4030039c       0x50 drivers/mtd/spi/libspi_flash.o
 .rodata.serial_ports
                0x403003ec       0x18 drivers/serial/libserial.o
 .rodata.crc16_tab
                0x40300404      0x200 lib/libgeneric.o
 .rodata.str1.1
                0x40300604       0x65 arch/arm/cpu/armv7/libarmv7.o
 .rodata.__func__.6140
                0x40300669       0x16 arch/arm/cpu/armv7/libarmv7.o
 .rodata.str1.1
                0x4030067f      0x104 board/ti/am335x/libam335x.o
 .rodata        0x40300783        0x3 common/libcommon.o
 .rodata.str1.1
                0x40300786      0xeeb common/libcommon.o
                                0xf22 (size before relaxing)
 .rodata.delims.6146
                0x40301671        0x3 common/libcommon.o
 .rodata.__func__.6272
                0x40301674       0x10 common/libcommon.o
 .rodata.default_environment
                0x40301684       0x8e common/libcommon.o
                0x40301684                default_environment
 .rodata.env_flags_varaccess_rep
                0x40301712        0x5 common/libcommon.o
 .rodata.env_flags_vartype_rep
                0x40301717        0x7 common/libcommon.o
 .rodata.str1.1
                0x4030171e       0xcd common/spl/libspl.o
                                 0xd4 (size before relaxing)
 .rodata.str1.1
                0x403017eb      0x3fe disk/libdisk.o
                                0x424 (size before relaxing)
 .rodata.str1.1
                0x40301be9       0x57 drivers/gpio/libgpio.o
 .rodata.str1.1
                0x40301c40      0x1b8 drivers/i2c/libi2c.o
 .rodata.str1.1
                0x40301df8      0x39b drivers/mmc/libmmc.o
                                0x3a3 (size before relaxing)
 .rodata.__func__.6550
                0x40302193       0x10 drivers/mmc/libmmc.o
 .rodata.__func__.6735
                0x403021a3        0xf drivers/mmc/libmmc.o
 .rodata.__func__.6580
                0x403021b2        0xf drivers/mmc/libmmc.o
 .rodata.__func__.6800
                0x403021c1        0xc drivers/mmc/libmmc.o
 .rodata.__func__.6637
                0x403021cd       0x19 drivers/mmc/libmmc.o
 .rodata.__func__.6700
                0x403021e6        0xe drivers/mmc/libmmc.o
 .rodata.__func__.6652
                0x403021f4        0xd drivers/mmc/libmmc.o
 .rodata.str1.1
                0x40302201      0x2be drivers/mtd/nand/libnand.o
                                0x2e0 (size before relaxing)
 .rodata.CSWTCH.27
                0x403024bf        0x3 drivers/mtd/nand/libnand.o
 .rodata.CSWTCH.32
                0x403024c2        0xe drivers/mtd/nand/libnand.o
 .rodata.str1.1
                0x403024d0       0xc4 drivers/mtd/spi/libspi_flash.o
                                 0xc6 (size before relaxing)
 .rodata.str1.1
                0x40302594       0xa0 drivers/net/libnet.o
 .rodata.str1.1
                0x40302634      0x124 drivers/net/phy/libphy.o
                                0x126 (size before relaxing)
 .rodata.str1.1
                0x40302758       0x15 drivers/serial/libserial.o
 .rodata.str1.1
                0x4030276d      0x145 drivers/spi/libspi.o
 .rodata.str1.1
                0x403028b2      0x27b fs/fat/libfat.o
                                0x2a6 (size before relaxing)
 .rodata._ctype
                0x40302b2d      0x100 lib/libgeneric.o
                0x40302b2d                _ctype
 .rodata.str1.1
                0x40302c2d       0xfc lib/libgeneric.o
 .rodata.names.6149
                0x40302d29        0x6 lib/libgeneric.o
 .rodata.hex_asc
                0x40302d2f       0x11 lib/libgeneric.o
 .rodata.digits.6138
                0x40302d40       0x10 lib/libgeneric.o
 .rodata        0x40302d50        0xe net/libnet.o
 .rodata.str1.1
                0x40302d5e      0x6eb net/libnet.o
                                0x84a (size before relaxing)

.rel.dyn        0x4030344c        0x0
 .rel.iplt      0x00000000        0x0 arch/arm/cpu/armv7/start.o
                0x4030344c                . = ALIGN (0x4)

.data           0x40303450      0xa39
 *(SORT(.data*))
 .data          0x40303450       0x80 arch/arm/lib/libarm.o
                0x40303450                gdata
 .data.cmdpll   0x403034d0        0x4 arch/arm/cpu/armv7/am33xx/libam33xx.o
                0x403034d0                cmdpll
 .data.cmrtc    0x403034d4        0x4 arch/arm/cpu/armv7/am33xx/libam33xx.o
                0x403034d4                cmrtc
 .data.cmwkup   0x403034d8        0x4 arch/arm/cpu/armv7/am33xx/libam33xx.o
                0x403034d8                cmwkup
 .data.cmper    0x403034dc        0x4 arch/arm/cpu/armv7/am33xx/libam33xx.o
                0x403034dc                cmper
 .data.cstat    0x403034e0        0x4 arch/arm/cpu/armv7/am33xx/libam33xx.o
                0x403034e0                cstat
 .data          0x403034e4        0xc arch/arm/cpu/armv7/omap-common/libomap-common.o
                0x403034e4                boot_params
 .data.omap_bootmode
                0x403034f0        0x4 arch/arm/cpu/armv7/omap-common/libomap-common.o
                0x403034f0                omap_bootmode
 .data          0x403034f4       0x50 board/ti/am335x/libam335x.o
 .data.cpsw_slaves
                0x40303544       0x20 board/ti/am335x/libam335x.o
 .data.cpsw_data
                0x40303564       0x3c board/ti/am335x/libam335x.o
 .data.ddr3_emif_reg_data
                0x403035a0       0x54 board/ti/am335x/libam335x.o
 .data.env_id   0x403035f4        0x4 common/libcommon.o
 .data.av_      0x403035f8      0x408 common/libcommon.o
 .data.sbrk_base
                0x40303a00        0x4 common/libcommon.o
 .data.trim_threshold
                0x40303a04        0x4 common/libcommon.o
 .data.env_htab
                0x40303a08       0x10 common/libcommon.o
                0x40303a08                env_htab
 .data.load_addr
                0x40303a18        0x4 common/libcommon.o
                0x40303a18                load_addr
 .data          0x40303a1c       0x20 common/spl/libspl.o
 .data          0x40303a3c       0x14 drivers/i2c/libi2c.o
 .data.cur_dev_num
                0x40303a50        0x4 drivers/mmc/libmmc.o
 .data.hw_bch8_nand_oob
                0x40303a54      0x248 drivers/mtd/nand/libnand.o
 .data.phy_drivers
                0x40303c9c        0x8 drivers/net/phy/libphy.o
 .data.genphy_driver
                0x40303ca4       0x2c drivers/net/phy/libphy.o
 .data.KSZ8081_driver
                0x40303cd0       0x2c drivers/net/phy/libphy.o
 .data.KSZ804_driver
                0x40303cfc       0x2c drivers/net/phy/libphy.o
 .data.KS8721_driver
                0x40303d28       0x2c drivers/net/phy/libphy.o
 .data.eserial1_device
                0x40303d54       0x30 drivers/serial/libserial.o
                0x40303d54                eserial1_device
 .data.first_call.6331
                0x40303d84        0x4 net/libnet.o
 .data.TftpTimeoutCountMax
                0x40303d88        0x4 net/libnet.o
 .data.TftpRRQTimeoutCountMax
                0x40303d8c        0x4 net/libnet.o
                0x40303d8c                TftpRRQTimeoutCountMax
 .data.TftpTimeoutMSecs
                0x40303d90        0x4 net/libnet.o
 .data.spi0_pin_mux
                0x40303d94       0x14 board/ti/am335x/libam335x.o
 .data.nand_pin_mux
                0x40303da8       0x40 board/ti/am335x/libam335x.o
 .data.rmii1_pin_mux
                0x40303de8       0x28 board/ti/am335x/libam335x.o
 .data.uart3_pin_mux
                0x40303e10        0xc board/ti/am335x/libam335x.o
 .data.mmc0_pin_mux_sk_evm
                0x40303e1c       0x20 board/ti/am335x/libam335x.o
 .data.i2c0_pin_mux
                0x40303e3c        0xc board/ti/am335x/libam335x.o
 .data.uart1_pin_mux
                0x40303e48        0xc board/ti/am335x/libam335x.o
 .data.uart4_pin_mux
                0x40303e54        0xc board/ti/am335x/libam335x.o
 .data.uart2_pin_mux
                0x40303e60        0xc board/ti/am335x/libam335x.o
 .data.uart0_pin_mux
                0x40303e6c        0xc board/ti/am335x/libam335x.o
 .data.NetOurNativeVLAN
                0x40303e78        0x2 net/libnet.o
                0x40303e78                NetOurNativeVLAN
 .data.NetOurVLAN
                0x40303e7a        0x2 net/libnet.o
                0x40303e7a                NetOurVLAN
 .data.TftpBlkSizeOption
                0x40303e7c        0x2 net/libnet.o
 .data.TftpBlkSize
                0x40303e7e        0x2 net/libnet.o
 .data.bch_priv
                0x40303e80        0x3 drivers/mtd/nand/libnand.o
 .data.NetBcastAddr
                0x40303e83        0x6 net/libnet.o
                0x40303e83                NetBcastAddr

.igot.plt       0x40303e8c        0x0
 .igot.plt      0x00000000        0x0 arch/arm/cpu/armv7/start.o

.u_boot_list    0x4030344c        0x0
                0x4030344c                _u_boot_list__start = .
                0x4030344c                _u_boot_list_cmd__start = .
 *(SORT(.u_boot_list.cmd.*))
                0x4030344c                _u_boot_list_cmd__end = .
                0x4030344c                _u_boot_list_env_clbk__start = .
 *(SORT(.u_boot_list.env_clbk.*))
                0x4030344c                _u_boot_list_env_clbk__end = .
 *(SORT(.u_boot_list.*))
                0x4030344c                _u_boot_list__end = .
                0x4030344c                . = ALIGN (0x4)
                0x4030344c                __image_copy_end = .
                0x4030344c                _end = .

.bss            0x80000000    0x33088
                0x80000000                . = ALIGN (0x4)
                0x80000000                __bss_start = .
 *(.bss*)
 .bss.gpmc_cfg  0x80000000        0x4 arch/arm/cpu/armv7/am33xx/libam33xx.o
                0x80000000                gpmc_cfg
 .bss.elm_cfg   0x80000004        0x4 arch/arm/cpu/armv7/am33xx/libam33xx.o
                0x80000004                elm_cfg
 .bss.ctrlc_was_pressed
                0x80000008        0x4 common/libcommon.o
 .bss.ctrlc_disabled
                0x8000000c        0x4 common/libcommon.o
 .bss.max_total_mem
                0x80000010        0x4 common/libcommon.o
 .bss.mem_malloc_brk
                0x80000014        0x4 common/libcommon.o
                0x80000014                mem_malloc_brk
 .bss.max_sbrked_mem
                0x80000018        0x4 common/libcommon.o
 .bss.current_mallinfo
                0x8000001c       0x28 common/libcommon.o
 .bss.mem_malloc_end
                0x80000044        0x4 common/libcommon.o
                0x80000044                mem_malloc_end
 .bss.top_pad   0x80000048        0x4 common/libcommon.o
 .bss.mem_malloc_start
                0x8000004c        0x4 common/libcommon.o
                0x8000004c                mem_malloc_start
 .bss.current_mii
                0x80000050        0x4 common/libcommon.o
 .bss.mii_devs  0x80000054        0x8 common/libcommon.o
 .bss.stdio_devices
                0x8000005c        0xc common/libcommon.o
                0x8000005c                stdio_devices
 .bss.xyz       0x80000068      0x43c common/libcommon.o
 .bss.spl_image
                0x800004a4       0x18 common/spl/libspl.o
                0x800004a4                spl_image
 .bss.boot_params_ptr
                0x800004bc        0x4 common/spl/libspl.o
                0x800004bc                boot_params_ptr
 .bss.mmc_devices
                0x800004c0        0x8 drivers/mmc/libmmc.o
 .bss.hsmmc_dev
                0x800004c8      0x250 drivers/mmc/libmmc.o
 .bss.mtd       0x80000718       0xa8 drivers/mtd/nand/libnand.o
 .bss.nand_chip
                0x800007c0      0x128 drivers/mtd/nand/libnand.o
 .bss.cs        0x800008e8        0x1 drivers/mtd/nand/libnand.o
 *fill*         0x800008e9        0x3 
 .bss.mdio_regs
                0x800008ec        0x4 drivers/net/libnet.o
 .bss.serial_current
                0x800008f0        0x4 drivers/serial/libserial.o
 *fill*         0x800008f4        0xc 
 .bss.get_contents_vfatname_block
                0x80000900    0x10000 fs/fat/libfat.o
                0x80000900                get_contents_vfatname_block
 .bss.do_fat_read_at_block
                0x80010900    0x10000 fs/fat/libfat.o
                0x80010900                do_fat_read_at_block
 .bss.get_dentfromdir_block
                0x80020900    0x10000 fs/fat/libfat.o
                0x80020900                get_dentfromdir_block
 .bss.cur_part_info
                0x80030900       0x50 fs/fat/libfat.o
 .bss.cur_dev   0x80030950        0x4 fs/fat/libfat.o
 .bss.errno     0x80030954        0x4 lib/libgeneric.o
                0x80030954                errno
 .bss.NetArpWaitPacketIP
                0x80030958        0x4 net/libnet.o
                0x80030958                NetArpWaitPacketIP
 .bss.NetArpWaitTimerStart
                0x8003095c        0x4 net/libnet.o
                0x8003095c                NetArpWaitTimerStart
 .bss.NetArpWaitReplyIP
                0x80030960        0x4 net/libnet.o
 .bss.NetArpWaitTxPacketSize
                0x80030964        0x4 net/libnet.o
                0x80030964                NetArpWaitTxPacketSize
 .bss.NetArpWaitTry
                0x80030968        0x4 net/libnet.o
                0x80030968                NetArpWaitTry
 .bss.NetArpTxPacket
                0x8003096c        0x4 net/libnet.o
 .bss.NetArpPacketBuf
                0x80030970      0x640 net/libnet.o
 .bss.NetArpWaitPacketMAC
                0x80030fb0        0x4 net/libnet.o
                0x80030fb0                NetArpWaitPacketMAC
 .bss.BootpTry  0x80030fb4        0x4 net/libnet.o
                0x80030fb4                BootpTry
 .bss.BootpID   0x80030fb8        0x4 net/libnet.o
                0x80030fb8                BootpID
 .bss.first_failed.6704
                0x80030fbc        0x4 net/libnet.o
 .bss.env_changed_id.6710
                0x80030fc0        0x4 net/libnet.o
 .bss.index.6657
                0x80030fc4        0x4 net/libnet.o
 .bss.act.6709  0x80030fc8        0x4 net/libnet.o
 .bss.eth_current
                0x80030fcc        0x4 net/libnet.o
                0x80030fcc                eth_current
 .bss.eth_devices
                0x80030fd0        0x4 net/libnet.o
 .bss.NetOurEther
                0x80030fd4        0x6 net/libnet.o
                0x80030fd4                NetOurEther
 *fill*         0x80030fda        0x2 
 .bss.NetServerIP
                0x80030fdc        0x4 net/libnet.o
                0x80030fdc                NetServerIP
 .bss.NetRestarted
                0x80030fe0        0x4 net/libnet.o
 .bss.net_state
                0x80030fe4        0x4 net/libnet.o
                0x80030fe4                net_state
 .bss.NetRxPackets
                0x80030fe8       0x10 net/libnet.o
                0x80030fe8                NetRxPackets
 .bss.NetBootFileSize
                0x80030ff8        0x2 net/libnet.o
                0x80030ff8                NetBootFileSize
 .bss.NetEtherNullAddr
                0x80030ffa        0x6 net/libnet.o
                0x80030ffa                NetEtherNullAddr
 .bss.NetRxPacket
                0x80031000        0x4 net/libnet.o
                0x80031000                NetRxPacket
 .bss.udp_packet_handler
                0x80031004        0x4 net/libnet.o
 .bss.env_changed_id.6320
                0x80031008        0x4 net/libnet.o
 .bss.NetDevExists
                0x8003100c        0x4 net/libnet.o
 .bss.timeStart
                0x80031010        0x4 net/libnet.o
 .bss.timeHandler
                0x80031014        0x4 net/libnet.o
 .bss.NetTryCount
                0x80031018        0x4 net/libnet.o
 .bss.NetOurDNSIP
                0x8003101c        0x4 net/libnet.o
                0x8003101c                NetOurDNSIP
 .bss.NetOurSubnetMask
                0x80031020        0x4 net/libnet.o
                0x80031020                NetOurSubnetMask
 .bss.NetOurDNS2IP
                0x80031024        0x4 net/libnet.o
                0x80031024                NetOurDNS2IP
 .bss.NetTxPacket
                0x80031028        0x4 net/libnet.o
                0x80031028                NetTxPacket
 .bss.NetBootFileXferSize
                0x8003102c        0x4 net/libnet.o
                0x8003102c                NetBootFileXferSize
 .bss.NetOurIP  0x80031030        0x4 net/libnet.o
                0x80031030                NetOurIP
 .bss.NetOurNISDomain
                0x80031034       0x20 net/libnet.o
                0x80031034                NetOurNISDomain
 .bss.NetIPID   0x80031054        0x4 net/libnet.o
                0x80031054                NetIPID
 .bss.BootFile  0x80031058       0x80 net/libnet.o
                0x80031058                BootFile
 .bss.NetOurGatewayIP
                0x800310d8        0x4 net/libnet.o
                0x800310d8                NetOurGatewayIP
 .bss.arp_packet_handler
                0x800310dc        0x4 net/libnet.o
 .bss.NetOurHostName
                0x800310e0       0x20 net/libnet.o
                0x800310e0                NetOurHostName
 .bss.NetRestartWrap
                0x80031100        0x4 net/libnet.o
                0x80031100                NetRestartWrap
 .bss.NetRxPacketLen
                0x80031104        0x4 net/libnet.o
                0x80031104                NetRxPacketLen
 .bss.PktBuf    0x80031108     0x1e40 net/libnet.o
 .bss.timeDelta
                0x80032f48        0x4 net/libnet.o
 .bss.NetServerEther
                0x80032f4c        0x6 net/libnet.o
                0x80032f4c                NetServerEther
 .bss.NetOurRootPath
                0x80032f52       0x40 net/libnet.o
                0x80032f52                NetOurRootPath
 .bss.default_filename
                0x80032f92       0x4d net/libnet.o
 *fill*         0x80032fdf        0x1 
 .bss.time_start
                0x80032fe0        0x4 net/libnet.o
 .bss.TftpTimeoutCount
                0x80032fe4        0x4 net/libnet.o
 .bss.TftpBlockWrap
                0x80032fe8        0x4 net/libnet.o
 .bss.TftpBlock
                0x80032fec        0x4 net/libnet.o
 .bss.TftpOurPort
                0x80032ff0        0x4 net/libnet.o
 .bss.TftpRemoteIP
                0x80032ff4        0x4 net/libnet.o
 .bss.TftpState
                0x80032ff8        0x4 net/libnet.o
 .bss.TftpRemotePort
                0x80032ffc        0x4 net/libnet.o
 .bss.tftp_filename
                0x80033000       0x80 net/libnet.o
 .bss.TftpBlockWrapOffset
                0x80033080        0x4 net/libnet.o
 .bss.TftpLastBlock
                0x80033084        0x4 net/libnet.o
                0x80033088                . = ALIGN (0x4)
                0x80033088                __bss_end__ = .
Address of section .text set to 0x402f0400
LOAD arch/arm/cpu/armv7/start.o
START GROUP
LOAD arch/arm/cpu/armv7/am33xx/libam33xx.o
LOAD arch/arm/cpu/armv7/libarmv7.o
LOAD arch/arm/cpu/armv7/omap-common/libomap-common.o
LOAD arch/arm/lib/libarm.o
LOAD board/ti/am335x/libam335x.o
LOAD common/libcommon.o
LOAD common/spl/libspl.o
LOAD disk/libdisk.o
LOAD drivers/gpio/libgpio.o
LOAD drivers/i2c/libi2c.o
LOAD drivers/mmc/libmmc.o
LOAD drivers/mtd/nand/libnand.o
LOAD drivers/mtd/spi/libspi_flash.o
LOAD drivers/net/libnet.o
LOAD drivers/net/phy/libphy.o
LOAD drivers/serial/libserial.o
LOAD drivers/spi/libspi.o
LOAD drivers/usb/musb-new/libusb_musb-new.o
LOAD fs/fat/libfat.o
LOAD lib/libgeneric.o
LOAD net/libnet.o
END GROUP
LOAD /root/lxp/linkboxV6/u-boot-2013.01.01-psp06.00.00.00/am335/spl/arch/arm/lib/eabi_compat.o
LOAD /opt/gcc-linaro-arm-linux-gnueabihf-4.7-2013.03-20130313_linux/bin/../lib/gcc/arm-linux-gnueabihf/4.7.3/libgcc.a
LOAD /opt/gcc-linaro-arm-linux-gnueabihf-4.7-2013.03-20130313_linux/bin/../lib/gcc/arm-linux-gnueabihf/4.7.3/libgcc.a
OUTPUT(u-boot-spl elf32-littlearm)

.ARM.attributes
                0x00000000       0x2b
 .ARM.attributes
                0x00000000       0x1f arch/arm/cpu/armv7/start.o
 .ARM.attributes
                0x0000001f       0x2d arch/arm/cpu/armv7/am33xx/libam33xx.o
 .ARM.attributes
                0x0000004c       0x2d arch/arm/cpu/armv7/libarmv7.o
 .ARM.attributes
                0x00000079       0x2b arch/arm/cpu/armv7/omap-common/libomap-common.o
 .ARM.attributes
                0x000000a4       0x2b arch/arm/lib/libarm.o
 .ARM.attributes
                0x000000cf       0x2d board/ti/am335x/libam335x.o
 .ARM.attributes
                0x000000fc       0x2d common/libcommon.o
 .ARM.attributes
                0x00000129       0x2d common/spl/libspl.o
 .ARM.attributes
                0x00000156       0x2d disk/libdisk.o
 .ARM.attributes
                0x00000183       0x2d drivers/gpio/libgpio.o
 .ARM.attributes
                0x000001b0       0x2d drivers/i2c/libi2c.o
 .ARM.attributes
                0x000001dd       0x2d drivers/mmc/libmmc.o
 .ARM.attributes
                0x0000020a       0x2d drivers/mtd/nand/libnand.o
 .ARM.attributes
                0x00000237       0x2d drivers/mtd/spi/libspi_flash.o
 .ARM.attributes
                0x00000264       0x2d drivers/net/libnet.o
 .ARM.attributes
                0x00000291       0x2d drivers/net/phy/libphy.o
 .ARM.attributes
                0x000002be       0x2d drivers/serial/libserial.o
 .ARM.attributes
                0x000002eb       0x2d drivers/spi/libspi.o
 .ARM.attributes
                0x00000318       0x2d fs/fat/libfat.o
 .ARM.attributes
                0x00000345       0x2d lib/libgeneric.o
 .ARM.attributes
                0x00000372       0x2d net/libnet.o
 .ARM.attributes
                0x0000039f       0x2d /root/lxp/linkboxV6/u-boot-2013.01.01-psp06.00.00.00/am335/spl/arch/arm/lib/eabi_compat.o
 .ARM.attributes
                0x000003cc       0x21 /opt/gcc-linaro-arm-linux-gnueabihf-4.7-2013.03-20130313_linux/bin/../lib/gcc/arm-linux-gnueabihf/4.7.3/libgcc.a(_udivsi3.o)
 .ARM.attributes
                0x000003ed       0x21 /opt/gcc-linaro-arm-linux-gnueabihf-4.7-2013.03-20130313_linux/bin/../lib/gcc/arm-linux-gnueabihf/4.7.3/libgcc.a(_divsi3.o)
 .ARM.attributes
                0x0000040e       0x21 /opt/gcc-linaro-arm-linux-gnueabihf-4.7-2013.03-20130313_linux/bin/../lib/gcc/arm-linux-gnueabihf/4.7.3/libgcc.a(_lshrdi3.o)
 .ARM.attributes
                0x0000042f       0x21 /opt/gcc-linaro-arm-linux-gnueabihf-4.7-2013.03-20130313_linux/bin/../lib/gcc/arm-linux-gnueabihf/4.7.3/libgcc.a(_ashldi3.o)
 .ARM.attributes
                0x00000450       0x21 /opt/gcc-linaro-arm-linux-gnueabihf-4.7-2013.03-20130313_linux/bin/../lib/gcc/arm-linux-gnueabihf/4.7.3/libgcc.a(_dvmd_lnx.o)

.comment        0x00000000       0x68
 .comment       0x00000000       0x68 arch/arm/cpu/armv7/am33xx/libam33xx.o
                                0x348 (size before relaxing)
 .comment       0x00000000      0x13b arch/arm/cpu/armv7/libarmv7.o
 .comment       0x00000000      0x1a4 arch/arm/cpu/armv7/omap-common/libomap-common.o
 .comment       0x00000000      0x20d arch/arm/lib/libarm.o
 .comment       0x00000000       0xd2 board/ti/am335x/libam335x.o
 .comment       0x00000000      0x4ec common/libcommon.o
 .comment       0x00000000      0x1a4 common/spl/libspl.o
 .comment       0x00000000       0xd2 disk/libdisk.o
 .comment       0x00000000       0x69 drivers/gpio/libgpio.o
 .comment       0x00000000       0x69 drivers/i2c/libi2c.o
 .comment       0x00000000      0x13b drivers/mmc/libmmc.o
 .comment       0x00000000      0x1a4 drivers/mtd/nand/libnand.o
 .comment       0x00000000      0x13b drivers/mtd/spi/libspi_flash.o
 .comment       0x00000000       0x69 drivers/net/libnet.o
 .comment       0x00000000       0xd2 drivers/net/phy/libphy.o
 .comment       0x00000000      0x13b drivers/serial/libserial.o
 .comment       0x00000000       0x69 drivers/spi/libspi.o
 .comment       0x00000000       0x69 fs/fat/libfat.o
 .comment       0x00000000      0x4ec lib/libgeneric.o
 .comment       0x00000000      0x2df net/libnet.o
 .comment       0x00000000       0x69 /root/lxp/linkboxV6/u-boot-2013.01.01-psp06.00.00.00/am335/spl/arch/arm/lib/eabi_compat.o

.note.GNU-stack
                0x00000000        0x0
 .note.GNU-stack
                0x00000000        0x0 arch/arm/cpu/armv7/am33xx/libam33xx.o
 .note.GNU-stack
                0x00000000        0x0 arch/arm/cpu/armv7/libarmv7.o
 .note.GNU-stack
                0x00000000        0x0 arch/arm/cpu/armv7/omap-common/libomap-common.o
 .note.GNU-stack
                0x00000000        0x0 arch/arm/lib/libarm.o
 .note.GNU-stack
                0x00000000        0x0 board/ti/am335x/libam335x.o
 .note.GNU-stack
                0x00000000        0x0 common/libcommon.o
 .note.GNU-stack
                0x00000000        0x0 common/spl/libspl.o
 .note.GNU-stack
                0x00000000        0x0 disk/libdisk.o
 .note.GNU-stack
                0x00000000        0x0 drivers/gpio/libgpio.o
 .note.GNU-stack
                0x00000000        0x0 drivers/i2c/libi2c.o
 .note.GNU-stack
                0x00000000        0x0 drivers/mmc/libmmc.o
 .note.GNU-stack
                0x00000000        0x0 drivers/mtd/nand/libnand.o
 .note.GNU-stack
                0x00000000        0x0 drivers/mtd/spi/libspi_flash.o
 .note.GNU-stack
                0x00000000        0x0 drivers/net/libnet.o
 .note.GNU-stack
                0x00000000        0x0 drivers/net/phy/libphy.o
 .note.GNU-stack
                0x00000000        0x0 drivers/serial/libserial.o
 .note.GNU-stack
                0x00000000        0x0 drivers/spi/libspi.o
 .note.GNU-stack
                0x00000000        0x0 fs/fat/libfat.o
 .note.GNU-stack
                0x00000000        0x0 lib/libgeneric.o
 .note.GNU-stack
                0x00000000        0x0 net/libnet.o
 .note.GNU-stack
                0x00000000        0x0 /root/lxp/linkboxV6/u-boot-2013.01.01-psp06.00.00.00/am335/spl/arch/arm/lib/eabi_compat.o
 .note.GNU-stack
                0x00000000        0x0 /opt/gcc-linaro-arm-linux-gnueabihf-4.7-2013.03-20130313_linux/bin/../lib/gcc/arm-linux-gnueabihf/4.7.3/libgcc.a(_udivsi3.o)
 .note.GNU-stack
                0x00000000        0x0 /opt/gcc-linaro-arm-linux-gnueabihf-4.7-2013.03-20130313_linux/bin/../lib/gcc/arm-linux-gnueabihf/4.7.3/libgcc.a(_divsi3.o)
 .note.GNU-stack
                0x00000000        0x0 /opt/gcc-linaro-arm-linux-gnueabihf-4.7-2013.03-20130313_linux/bin/../lib/gcc/arm-linux-gnueabihf/4.7.3/libgcc.a(_lshrdi3.o)
 .note.GNU-stack
                0x00000000        0x0 /opt/gcc-linaro-arm-linux-gnueabihf-4.7-2013.03-20130313_linux/bin/../lib/gcc/arm-linux-gnueabihf/4.7.3/libgcc.a(_ashldi3.o)
 .note.GNU-stack
                0x00000000        0x0 /opt/gcc-linaro-arm-linux-gnueabihf-4.7-2013.03-20130313_linux/bin/../lib/gcc/arm-linux-gnueabihf/4.7.3/libgcc.a(_dvmd_lnx.o)

.debug_line     0x00000000     0xf48c
 .debug_line    0x00000000       0x75 arch/arm/cpu/armv7/start.o
 .debug_line    0x00000075     0x1036 arch/arm/cpu/armv7/am33xx/libam33xx.o
 .debug_line    0x000010ab      0x5e3 arch/arm/cpu/armv7/libarmv7.o
 .debug_line    0x0000168e      0x66e arch/arm/cpu/armv7/omap-common/libomap-common.o
 .debug_line    0x00001cfc      0x9de arch/arm/lib/libarm.o
 .debug_line    0x000026da      0x66c board/ti/am335x/libam335x.o
 .debug_line    0x00002d46     0x2761 common/libcommon.o
 .debug_line    0x000054a7      0x6e0 common/spl/libspl.o
 .debug_line    0x00005b87      0x6d0 disk/libdisk.o
 .debug_line    0x00006257      0x249 drivers/gpio/libgpio.o
 .debug_line    0x000064a0      0x3b6 drivers/i2c/libi2c.o
 .debug_line    0x00006856      0xd31 drivers/mmc/libmmc.o
 .debug_line    0x00007587     0x1abe drivers/mtd/nand/libnand.o
 .debug_line    0x00009045      0x69c drivers/mtd/spi/libspi_flash.o
 .debug_line    0x000096e1      0x682 drivers/net/libnet.o
 .debug_line    0x00009d63      0x691 drivers/net/phy/libphy.o
 .debug_line    0x0000a3f4      0x9e8 drivers/serial/libserial.o
 .debug_line    0x0000addc      0x3a2 drivers/spi/libspi.o
 .debug_line    0x0000b17e      0xb76 fs/fat/libfat.o
 .debug_line    0x0000bcf4     0x1a22 lib/libgeneric.o
 .debug_line    0x0000d716     0x1c32 net/libnet.o
 .debug_line    0x0000f348      0x144 /root/lxp/linkboxV6/u-boot-2013.01.01-psp06.00.00.00/am335/spl/arch/arm/lib/eabi_compat.o

.debug_info     0x00000000    0x498e4
 .debug_info    0x00000000       0x78 arch/arm/cpu/armv7/start.o
 .debug_info    0x00000078     0x5dc6 arch/arm/cpu/armv7/am33xx/libam33xx.o
 .debug_info    0x00005e3e     0x1404 arch/arm/cpu/armv7/libarmv7.o
 .debug_info    0x00007242     0x11a2 arch/arm/cpu/armv7/omap-common/libomap-common.o
 .debug_info    0x000083e4     0x2234 arch/arm/lib/libarm.o
 .debug_info    0x0000a618     0x3034 board/ti/am335x/libam335x.o
 .debug_info    0x0000d64c     0xada8 common/libcommon.o
 .debug_info    0x000183f4     0x1ea4 common/spl/libspl.o
 .debug_info    0x0001a298     0x1f2e disk/libdisk.o
 .debug_info    0x0001c1c6      0x974 drivers/gpio/libgpio.o
 .debug_info    0x0001cb3a     0x1589 drivers/i2c/libi2c.o
 .debug_info    0x0001e0c3     0x4f23 drivers/mmc/libmmc.o
 .debug_info    0x00022fe6     0xa11e drivers/mtd/nand/libnand.o
 .debug_info    0x0002d104     0x1ea8 drivers/mtd/spi/libspi_flash.o
 .debug_info    0x0002efac     0x29d2 drivers/net/libnet.o
 .debug_info    0x0003197e     0x2386 drivers/net/phy/libphy.o
 .debug_info    0x00033d04     0x2977 drivers/serial/libserial.o
 .debug_info    0x0003667b     0x1232 drivers/spi/libspi.o
 .debug_info    0x000378ad     0x3a4f fs/fat/libfat.o
 .debug_info    0x0003b2fc     0x4928 lib/libgeneric.o
 .debug_info    0x0003fc24     0x99aa net/libnet.o
 .debug_info    0x000495ce      0x316 /root/lxp/linkboxV6/u-boot-2013.01.01-psp06.00.00.00/am335/spl/arch/arm/lib/eabi_compat.o

.debug_abbrev   0x00000000     0xdddb
 .debug_abbrev  0x00000000       0x14 arch/arm/cpu/armv7/start.o
 .debug_abbrev  0x00000014     0x111d arch/arm/cpu/armv7/am33xx/libam33xx.o
 .debug_abbrev  0x00001131      0x652 arch/arm/cpu/armv7/libarmv7.o
 .debug_abbrev  0x00001783      0x677 arch/arm/cpu/armv7/omap-common/libomap-common.o
 .debug_abbrev  0x00001dfa      0x979 arch/arm/lib/libarm.o
 .debug_abbrev  0x00002773      0x596 board/ti/am335x/libam335x.o
 .debug_abbrev  0x00002d09     0x25ac common/libcommon.o
 .debug_abbrev  0x000052b5      0x8cb common/spl/libspl.o
 .debug_abbrev  0x00005b80      0x71f disk/libdisk.o
 .debug_abbrev  0x0000629f      0x270 drivers/gpio/libgpio.o
 .debug_abbrev  0x0000650f      0x416 drivers/i2c/libi2c.o
 .debug_abbrev  0x00006925      0xd51 drivers/mmc/libmmc.o
 .debug_abbrev  0x00007676      0xf6e drivers/mtd/nand/libnand.o
 .debug_abbrev  0x000085e4      0x7ad drivers/mtd/spi/libspi_flash.o
 .debug_abbrev  0x00008d91      0x428 drivers/net/libnet.o
 .debug_abbrev  0x000091b9      0x6d1 drivers/net/phy/libphy.o
 .debug_abbrev  0x0000988a      0x88a drivers/serial/libserial.o
 .debug_abbrev  0x0000a114      0x436 drivers/spi/libspi.o
 .debug_abbrev  0x0000a54a      0x55e fs/fat/libfat.o
 .debug_abbrev  0x0000aaa8     0x14a4 lib/libgeneric.o
 .debug_abbrev  0x0000bf4c     0x1d71 net/libnet.o
 .debug_abbrev  0x0000dcbd      0x11e /root/lxp/linkboxV6/u-boot-2013.01.01-psp06.00.00.00/am335/spl/arch/arm/lib/eabi_compat.o

.debug_aranges  0x00000000     0x1d78
 .debug_aranges
                0x00000000       0x20 arch/arm/cpu/armv7/start.o
 .debug_aranges
                0x00000020      0x1b0 arch/arm/cpu/armv7/am33xx/libam33xx.o
 .debug_aranges
                0x000001d0      0x110 arch/arm/cpu/armv7/libarmv7.o
 .debug_aranges
                0x000002e0       0xf0 arch/arm/cpu/armv7/omap-common/libomap-common.o
 .debug_aranges
                0x000003d0      0x188 arch/arm/lib/libarm.o
 .debug_aranges
                0x00000558       0xc8 board/ti/am335x/libam335x.o
 .debug_aranges
                0x00000620      0x518 common/libcommon.o
 .debug_aranges
                0x00000b38       0xb8 common/spl/libspl.o
 .debug_aranges
                0x00000bf0       0x98 disk/libdisk.o
 .debug_aranges
                0x00000c88       0x58 drivers/gpio/libgpio.o
 .debug_aranges
                0x00000ce0       0x60 drivers/i2c/libi2c.o
 .debug_aranges
                0x00000d40      0x138 drivers/mmc/libmmc.o
 .debug_aranges
                0x00000e78      0x298 drivers/mtd/nand/libnand.o
 .debug_aranges
                0x00001110       0xc0 drivers/mtd/spi/libspi_flash.o
 .debug_aranges
                0x000011d0       0x98 drivers/net/libnet.o
 .debug_aranges
                0x00001268       0xd0 drivers/net/phy/libphy.o
 .debug_aranges
                0x00001338      0x248 drivers/serial/libserial.o
 .debug_aranges
                0x00001580       0x80 drivers/spi/libspi.o
 .debug_aranges
                0x00001600      0x100 fs/fat/libfat.o
 .debug_aranges
                0x00001700      0x320 lib/libgeneric.o
 .debug_aranges
                0x00001a20      0x328 net/libnet.o
 .debug_aranges
                0x00001d48       0x30 /root/lxp/linkboxV6/u-boot-2013.01.01-psp06.00.00.00/am335/spl/arch/arm/lib/eabi_compat.o

.debug_frame    0x00000000     0x4a28
 .debug_frame   0x00000000      0x2d0 arch/arm/cpu/armv7/am33xx/libam33xx.o
 .debug_frame   0x000002d0      0x1e8 arch/arm/cpu/armv7/libarmv7.o
 .debug_frame   0x000004b8      0x178 arch/arm/cpu/armv7/omap-common/libomap-common.o
 .debug_frame   0x00000630      0x2d4 arch/arm/lib/libarm.o
 .debug_frame   0x00000904      0x1d0 board/ti/am335x/libam335x.o
 .debug_frame   0x00000ad4      0xd68 common/libcommon.o
 .debug_frame   0x0000183c      0x13c common/spl/libspl.o
 .debug_frame   0x00001978      0x1b8 disk/libdisk.o
 .debug_frame   0x00001b30       0xcc drivers/gpio/libgpio.o
 .debug_frame   0x00001bfc      0x118 drivers/i2c/libi2c.o
 .debug_frame   0x00001d14      0x364 drivers/mmc/libmmc.o
 .debug_frame   0x00002078      0x8d4 drivers/mtd/nand/libnand.o
 .debug_frame   0x0000294c      0x1fc drivers/mtd/spi/libspi_flash.o
 .debug_frame   0x00002b48      0x1f0 drivers/net/libnet.o
 .debug_frame   0x00002d38      0x244 drivers/net/phy/libphy.o
 .debug_frame   0x00002f7c      0x50c drivers/serial/libserial.o
 .debug_frame   0x00003488      0x148 drivers/spi/libspi.o
 .debug_frame   0x000035d0      0x384 fs/fat/libfat.o
 .debug_frame   0x00003954      0x764 lib/libgeneric.o
 .debug_frame   0x000040b8      0x8f0 net/libnet.o
 .debug_frame   0x000049a8       0x40 /root/lxp/linkboxV6/u-boot-2013.01.01-psp06.00.00.00/am335/spl/arch/arm/lib/eabi_compat.o
 .debug_frame   0x000049e8       0x20 /opt/gcc-linaro-arm-linux-gnueabihf-4.7-2013.03-20130313_linux/bin/../lib/gcc/arm-linux-gnueabihf/4.7.3/libgcc.a(_udivsi3.o)
 .debug_frame   0x00004a08       0x20 /opt/gcc-linaro-arm-linux-gnueabihf-4.7-2013.03-20130313_linux/bin/../lib/gcc/arm-linux-gnueabihf/4.7.3/libgcc.a(_divsi3.o)

.debug_str      0x00000000     0xa20e
 .debug_str     0x00000000     0x1be6 arch/arm/cpu/armv7/am33xx/libam33xx.o
                               0x3214 (size before relaxing)
 .debug_str     0x00001be6      0x35f arch/arm/cpu/armv7/libarmv7.o
                                0xa79 (size before relaxing)
 .debug_str     0x00001f45      0x233 arch/arm/cpu/armv7/omap-common/libomap-common.o
                                0xac2 (size before relaxing)
 .debug_str     0x00002178      0x38c arch/arm/lib/libarm.o
                               0x1153 (size before relaxing)
 .debug_str     0x00002504      0xf25 board/ti/am335x/libam335x.o
                               0x19af (size before relaxing)
 .debug_str     0x00003429     0x242a common/libcommon.o
                               0x4bd4 (size before relaxing)
 .debug_str     0x00005853      0x24b common/spl/libspl.o
                               0x11d6 (size before relaxing)
 .debug_str     0x00005a9e      0x374 disk/libdisk.o
                                0xa46 (size before relaxing)
 .debug_str     0x00005e12      0x104 drivers/gpio/libgpio.o
                                0x358 (size before relaxing)
 .debug_str     0x00005f16      0x1c3 drivers/i2c/libi2c.o
                                0x536 (size before relaxing)
 .debug_str     0x000060d9      0x544 drivers/mmc/libmmc.o
                               0x1407 (size before relaxing)
 .debug_str     0x0000661d      0xf25 drivers/mtd/nand/libnand.o
                               0x2e24 (size before relaxing)
 .debug_str     0x00007542      0x2c7 drivers/mtd/spi/libspi_flash.o
                                0xbdb (size before relaxing)
 .debug_str     0x00007809      0x661 drivers/net/libnet.o
                                0xd20 (size before relaxing)
 .debug_str     0x00007e6a      0x20b drivers/net/phy/libphy.o
                                0xbff (size before relaxing)
 .debug_str     0x00008075      0x5b8 drivers/serial/libserial.o
                                0xf9b (size before relaxing)
 .debug_str     0x0000862d      0x14a drivers/spi/libspi.o
                                0x428 (size before relaxing)
 .debug_str     0x00008777      0x6a0 fs/fat/libfat.o
                                0xb1b (size before relaxing)
 .debug_str     0x00008e17      0x3b0 lib/libgeneric.o
                               0x19f7 (size before relaxing)
 .debug_str     0x000091c7      0xffe net/libnet.o
                               0x5159 (size before relaxing)
 .debug_str     0x0000a1c5       0x49 /root/lxp/linkboxV6/u-boot-2013.01.01-psp06.00.00.00/am335/spl/arch/arm/lib/eabi_compat.o
                                0x26d (size before relaxing)

.debug_loc      0x00000000    0x23b0b
 .debug_loc     0x00000000     0x1652 arch/arm/cpu/armv7/am33xx/libam33xx.o
 .debug_loc     0x00001652      0x6d5 arch/arm/cpu/armv7/libarmv7.o
 .debug_loc     0x00001d27      0x2e9 arch/arm/cpu/armv7/omap-common/libomap-common.o
 .debug_loc     0x00002010      0x688 arch/arm/lib/libarm.o
 .debug_loc     0x00002698      0x65f board/ti/am335x/libam335x.o
 .debug_loc     0x00002cf7     0x627f common/libcommon.o
 .debug_loc     0x00008f76      0x372 common/spl/libspl.o
 .debug_loc     0x000092e8      0xff6 disk/libdisk.o
 .debug_loc     0x0000a2de      0x83a drivers/gpio/libgpio.o
 .debug_loc     0x0000ab18      0xafd drivers/i2c/libi2c.o
 .debug_loc     0x0000b615     0x2312 drivers/mmc/libmmc.o
 .debug_loc     0x0000d927     0x5998 drivers/mtd/nand/libnand.o
 .debug_loc     0x000132bf      0xeb1 drivers/mtd/spi/libspi_flash.o
 .debug_loc     0x00014170     0x1666 drivers/net/libnet.o
 .debug_loc     0x000157d6     0x1189 drivers/net/phy/libphy.o
 .debug_loc     0x0001695f      0x867 drivers/serial/libserial.o
 .debug_loc     0x000171c6      0xbca drivers/spi/libspi.o
 .debug_loc     0x00017d90     0x3f3d fs/fat/libfat.o
 .debug_loc     0x0001bccd     0x3cc2 lib/libgeneric.o
 .debug_loc     0x0001f98f     0x415b net/libnet.o
 .debug_loc     0x00023aea       0x21 /root/lxp/linkboxV6/u-boot-2013.01.01-psp06.00.00.00/am335/spl/arch/arm/lib/eabi_compat.o

.debug_ranges   0x00000000     0x4798
 .debug_ranges  0x00000000      0x450 arch/arm/cpu/armv7/am33xx/libam33xx.o
 .debug_ranges  0x00000450      0x120 arch/arm/cpu/armv7/libarmv7.o
 .debug_ranges  0x00000570       0xc0 arch/arm/cpu/armv7/omap-common/libomap-common.o
 .debug_ranges  0x00000630      0x118 arch/arm/lib/libarm.o
 .debug_ranges  0x00000748      0x158 board/ti/am335x/libam335x.o
 .debug_ranges  0x000008a0      0x7d0 common/libcommon.o
 .debug_ranges  0x00001070       0x78 common/spl/libspl.o
 .debug_ranges  0x000010e8      0x1d8 disk/libdisk.o
 .debug_ranges  0x000012c0      0x178 drivers/gpio/libgpio.o
 .debug_ranges  0x00001438      0x2d0 drivers/i2c/libi2c.o
 .debug_ranges  0x00001708      0x4e8 drivers/mmc/libmmc.o
 .debug_ranges  0x00001bf0      0x710 drivers/mtd/nand/libnand.o
 .debug_ranges  0x00002300      0x170 drivers/mtd/spi/libspi_flash.o
 .debug_ranges  0x00002470      0x7d8 drivers/net/libnet.o
 .debug_ranges  0x00002c48      0x288 drivers/net/phy/libphy.o
 .debug_ranges  0x00002ed0      0x4e8 drivers/serial/libserial.o
 .debug_ranges  0x000033b8      0x168 drivers/spi/libspi.o
 .debug_ranges  0x00003520      0x458 fs/fat/libfat.o
 .debug_ranges  0x00003978      0x4c0 lib/libgeneric.o
 .debug_ranges  0x00003e38      0x940 net/libnet.o
 .debug_ranges  0x00004778       0x20 /root/lxp/linkboxV6/u-boot-2013.01.01-psp06.00.00.00/am335/spl/arch/arm/lib/eabi_compat.o
